[    0.000000] Booting Linux on physical CPU 0x0
[    0.000000] Linux version 4.19.97-v7+ (dom@buildbot) (gcc version 4.9.3 (crosstool-NG crosstool-ng-1.22.0-88-g8460611)) #1294 SMP Thu Jan 30 13:15:58 GMT 2020
[    0.000000] CPU: ARMv7 Processor [410fd034] revision 4 (ARMv7), cr=10c5383d
[    0.000000] CPU: div instructions available: patching division code
[    0.000000] CPU: PIPT / VIPT nonaliasing data cache, VIPT aliasing instruction cache
[    0.000000] OF: fdt: Machine model: Raspberry Pi 3 Model B Rev 1.2
[    0.000000] Memory policy: Data cache writealloc
[    0.000000] cma: Reserved 8 MiB at 0x2f800000
[    0.000000] On node 0 totalpages: 196608
[    0.000000]   Normal zone: 1728 pages used for memmap
[    0.000000]   Normal zone: 0 pages reserved
[    0.000000]   Normal zone: 196608 pages, LIFO batch:63
[    0.000000] random: get_random_bytes called from start_kernel+0xac/0x4b4 with crng_init=0
[    0.000000] percpu: Embedded 16 pages/cpu s36864 r8192 d20480 u65536
[    0.000000] pcpu-alloc: s36864 r8192 d20480 u65536 alloc=16*4096
[    0.000000] pcpu-alloc: [0] 0 [0] 1 [0] 2 [0] 3 
[    0.000000] Built 1 zonelists, mobility grouping on.  Total pages: 194880
[    0.000000] Kernel command line: coherent_pool=1M 8250.nr_uarts=1 bcm2708_fb.fbwidth=800 bcm2708_fb.fbheight=480 bcm2708_fb.fbswap=1 smsc95xx.macaddr=B8:27:EB:AB:E8:61 vc_mem.mem_base=0x3ec00000 vc_mem.mem_size=0x40000000  console=ttyAMA0,115200 console=tty3 root=PARTUUID=ea7d04d6-02 rootfstype=ext4 elevator=deadline fsck.repair=yes rootwait splash quiet plymouth.ignore-serial-consoles logo.nologo vt.global_cursor_default=0
[    0.000000] Dentry cache hash table entries: 131072 (order: 7, 524288 bytes)
[    0.000000] Inode-cache hash table entries: 65536 (order: 6, 262144 bytes)
[    0.000000] Memory: 756380K/786432K available (8192K kernel code, 653K rwdata, 2220K rodata, 1024K init, 822K bss, 21860K reserved, 8192K cma-reserved)
[    0.000000] Virtual kernel memory layout:
                   vector  : 0xffff0000 - 0xffff1000   (   4 kB)
                   fixmap  : 0xffc00000 - 0xfff00000   (3072 kB)
                   vmalloc : 0xb0800000 - 0xff800000   (1264 MB)
                   lowmem  : 0x80000000 - 0xb0000000   ( 768 MB)
                   modules : 0x7f000000 - 0x80000000   (  16 MB)
                     .text : 0x(ptrval) - 0x(ptrval)   (9184 kB)
                     .init : 0x(ptrval) - 0x(ptrval)   (1024 kB)
                     .data : 0x(ptrval) - 0x(ptrval)   ( 654 kB)
                      .bss : 0x(ptrval) - 0x(ptrval)   ( 823 kB)
[    0.000000] SLUB: HWalign=64, Order=0-3, MinObjects=0, CPUs=4, Nodes=1
[    0.000000] ftrace: allocating 26860 entries in 79 pages
[    0.000000] rcu: Hierarchical RCU implementation.
[    0.000000] NR_IRQS: 16, nr_irqs: 16, preallocated irqs: 16
[    0.000000] arch_timer: cp15 timer(s) running at 19.20MHz (phys).
[    0.000000] clocksource: arch_sys_counter: mask: 0xffffffffffffff max_cycles: 0x46d987e47, max_idle_ns: 440795202767 ns
[    0.000004] sched_clock: 56 bits at 19MHz, resolution 52ns, wraps every 4398046511078ns
[    0.000011] Switching to timer-based delay loop, resolution 52ns
[    0.000156] Console: colour dummy device 80x30
[    0.000168] console [tty3] enabled
[    0.000197] Calibrating delay loop (skipped), value calculated using timer frequency.. 38.40 BogoMIPS (lpj=192000)
[    0.000206] pid_max: default: 32768 minimum: 301
[    0.000390] Mount-cache hash table entries: 2048 (order: 1, 8192 bytes)
[    0.000399] Mountpoint-cache hash table entries: 2048 (order: 1, 8192 bytes)
[    0.000939] CPU: Testing write buffer coherency: ok
[    0.001228] CPU0: thread -1, cpu 0, socket 0, mpidr 80000000
[    0.001589] Setting up static identity map for 0x100000 - 0x10003c
[    0.001670] rcu: Hierarchical SRCU implementation.
[    0.002104] smp: Bringing up secondary CPUs ...
[    0.002635] CPU1: thread -1, cpu 1, socket 0, mpidr 80000001
[    0.003205] CPU2: thread -1, cpu 2, socket 0, mpidr 80000002
[    0.003714] CPU3: thread -1, cpu 3, socket 0, mpidr 80000003
[    0.003776] smp: Brought up 1 node, 4 CPUs
[    0.003783] SMP: Total of 4 processors activated (153.60 BogoMIPS).
[    0.003786] CPU: All CPU(s) started in HYP mode.
[    0.003788] CPU: Virtualization extensions available.
[    0.004339] devtmpfs: initialized
[    0.011333] VFP support v0.3: implementor 41 architecture 3 part 40 variant 3 rev 4
[    0.011469] clocksource: jiffies: mask: 0xffffffff max_cycles: 0xffffffff, max_idle_ns: 19112604462750000 ns
[    0.011482] futex hash table entries: 1024 (order: 4, 65536 bytes)
[    0.011818] pinctrl core: initialized pinctrl subsystem
[    0.012288] NET: Registered protocol family 16
[    0.014051] DMA: preallocated 1024 KiB pool for atomic coherent allocations
[    0.017054] hw-breakpoint: found 5 (+1 reserved) breakpoint and 4 watchpoint registers.
[    0.017058] hw-breakpoint: maximum watchpoint size is 8 bytes.
[    0.017187] Serial: AMBA PL011 UART driver
[    0.018526] bcm2835-mbox 3f00b880.mailbox: mailbox enabled
[    0.030010] raspberrypi-firmware soc:firmware: Attached to firmware from 2020-02-12 12:38, variant start
[    0.040016] raspberrypi-firmware soc:firmware: Firmware hash is 53a54c770c493957d99bf49762dfabc4eee00e45
[    0.066738] bcm2835-dma 3f007000.dma: DMA legacy API manager at (ptrval), dmachans=0x1
[    0.067603] SCSI subsystem initialized
[    0.067718] usbcore: registered new interface driver usbfs
[    0.067746] usbcore: registered new interface driver hub
[    0.067796] usbcore: registered new device driver usb
[    0.068699] clocksource: Switched to clocksource arch_sys_counter
[    0.115139] VFS: Disk quotas dquot_6.6.0
[    0.115187] VFS: Dquot-cache hash table entries: 1024 (order 0, 4096 bytes)
[    0.115288] FS-Cache: Loaded
[    0.115417] CacheFiles: Loaded
[    0.120546] NET: Registered protocol family 2
[    0.121015] tcp_listen_portaddr_hash hash table entries: 512 (order: 0, 6144 bytes)
[    0.121036] TCP established hash table entries: 8192 (order: 3, 32768 bytes)
[    0.121091] TCP bind hash table entries: 8192 (order: 4, 65536 bytes)
[    0.121184] TCP: Hash tables configured (established 8192 bind 8192)
[    0.121264] UDP hash table entries: 512 (order: 2, 16384 bytes)
[    0.121290] UDP-Lite hash table entries: 512 (order: 2, 16384 bytes)
[    0.121417] NET: Registered protocol family 1
[    0.121757] RPC: Registered named UNIX socket transport module.
[    0.121760] RPC: Registered udp transport module.
[    0.121763] RPC: Registered tcp transport module.
[    0.121766] RPC: Registered tcp NFSv4.1 backchannel transport module.
[    0.122762] hw perfevents: enabled with armv7_cortex_a7 PMU driver, 7 counters available
[    0.124408] Initialise system trusted keyrings
[    0.124513] workingset: timestamp_bits=14 max_order=18 bucket_order=4
[    0.129545] FS-Cache: Netfs 'nfs' registered for caching
[    0.129853] NFS: Registering the id_resolver key type
[    0.129873] Key type id_resolver registered
[    0.129876] Key type id_legacy registered
[    0.129884] nfs4filelayout_init: NFSv4 File Layout Driver Registering...
[    0.131100] Key type asymmetric registered
[    0.131105] Asymmetric key parser 'x509' registered
[    0.131133] Block layer SCSI generic (bsg) driver version 0.4 loaded (major 250)
[    0.131222] io scheduler noop registered
[    0.131226] io scheduler deadline registered (default)
[    0.131324] io scheduler cfq registered
[    0.131328] io scheduler mq-deadline registered (default)
[    0.131332] io scheduler kyber registered
[    0.133023] bcm2708_fb soc:fb: FB found 1 display(s)
[    0.140381] Console: switching to colour frame buffer device 100x30
[    0.143720] bcm2708_fb soc:fb: Registered framebuffer for display 0, size 800x480
[    0.144298] Serial: 8250/16550 driver, 1 ports, IRQ sharing enabled
[    0.145064] bcm2835-rng 3f104000.rng: hwrng registered
[    0.145229] vc-mem: phys_addr:0x00000000 mem_base=0x3ec00000 mem_size:0x40000000(1024 MiB)
[    0.145525] vc-sm: Videocore shared memory driver
[    0.145691] gpiomem-bcm2835 3f200000.gpiomem: Initialised: Registers at 0x3f200000
[    0.151151] brd: module loaded
[    0.156632] loop: module loaded
[    0.156993] Loading iSCSI transport class v2.0-870.
[    0.157393] libphy: Fixed MDIO Bus: probed
[    0.157448] usbcore: registered new interface driver lan78xx
[    0.157481] usbcore: registered new interface driver smsc95xx
[    0.157490] dwc_otg: version 3.00a 10-AUG-2012 (platform bus)
[    0.185183] dwc_otg 3f980000.usb: base=(ptrval)
[    0.385309] Core Release: 2.80a
[    0.385314] Setting default values for core params
[    0.385334] Finished setting default values for core params
[    0.585508] Using Buffer DMA mode
[    0.585511] Periodic Transfer Interrupt Enhancement - disabled
[    0.585514] Multiprocessor Interrupt Enhancement - disabled
[    0.585518] OTG VER PARAM: 0, OTG VER FLAG: 0
[    0.585528] Dedicated Tx FIFOs mode
[    0.585780] WARN::dwc_otg_hcd_init:1074: FIQ DMA bounce buffers: virt = af904000 dma = 0xef904000 len=9024
[    0.585795] FIQ FSM acceleration enabled for :
               Non-periodic Split Transactions
               Periodic Split Transactions
               High-Speed Isochronous Endpoints
               Interrupt/Control Split Transaction hack enabled
[    0.585799] dwc_otg: Microframe scheduler enabled
[    0.585829] WARN::hcd_init_fiq:457: FIQ on core 1
[    0.585834] WARN::hcd_init_fiq:458: FIQ ASM at 8067fd10 length 36
[    0.585840] WARN::hcd_init_fiq:497: MPHI regs_base at b0810000
[    0.585849] dwc_otg 3f980000.usb: DWC OTG Controller
[    0.585866] dwc_otg 3f980000.usb: new USB bus registered, assigned bus number 1
[    0.585885] dwc_otg 3f980000.usb: irq 56, io mem 0x00000000
[    0.585922] Init: Port Power? op_state=1
[    0.585925] Init: Power Port (0)
[    0.586062] usb usb1: New USB device found, idVendor=1d6b, idProduct=0002, bcdDevice= 4.19
[    0.586068] usb usb1: New USB device strings: Mfr=3, Product=2, SerialNumber=1
[    0.586072] usb usb1: Product: DWC OTG Controller
[    0.586077] usb usb1: Manufacturer: Linux 4.19.97-v7+ dwc_otg_hcd
[    0.586081] usb usb1: SerialNumber: 3f980000.usb
[    0.586413] hub 1-0:1.0: USB hub found
[    0.586441] hub 1-0:1.0: 1 port detected
[    0.586756] dwc_otg: FIQ enabled
[    0.586759] dwc_otg: NAK holdoff enabled
[    0.586762] dwc_otg: FIQ split-transaction FSM enabled
[    0.586767] Module dwc_common_port init
[    0.586917] usbcore: registered new interface driver usb-storage
[    0.587013] mousedev: PS/2 mouse device common for all mice
[    0.587494] bcm2835-wdt bcm2835-wdt: Broadcom BCM2835 watchdog timer
[    0.587623] bcm2835-cpufreq: min=1200000 max=1200000
[    0.587880] sdhci: Secure Digital Host Controller Interface driver
[    0.587882] sdhci: Copyright(c) Pierre Ossman
[    0.588101] mmc-bcm2835 3f300000.mmcnr: could not get clk, deferring probe
[    0.588317] sdhost-bcm2835 3f202000.mmc: could not get clk, deferring probe
[    0.588384] sdhci-pltfm: SDHCI platform and OF driver helper
[    0.589524] ledtrig-cpu: registered to indicate activity on CPUs
[    0.589625] hidraw: raw HID events driver (C) Jiri Kosina
[    0.589723] usbcore: registered new interface driver usbhid
[    0.589726] usbhid: USB HID core driver
[    0.590279] vchiq: vchiq_init_state: slot_zero = (ptrval), is_master = 0
[    0.591301] [vc_sm_connected_init]: start
[    0.598257] [vc_sm_connected_init]: end - returning 0
[    0.598881] Initializing XFRM netlink socket
[    0.598895] NET: Registered protocol family 17
[    0.598960] Key type dns_resolver registered
[    0.599270] Registering SWP/SWPB emulation handler
[    0.599613] registered taskstats version 1
[    0.599623] Loading compiled-in X.509 certificates
[    0.603299] uart-pl011 3f201000.serial: cts_event_workaround enabled
[    0.603348] 3f201000.serial: ttyAMA0 at MMIO 0x3f201000 (irq = 81, base_baud = 0) is a PL011 rev2
[    0.603382] console [ttyAMA0] enabled
[    0.604381] mmc-bcm2835 3f300000.mmcnr: mmc_debug:0 mmc_debug2:0
[    0.604386] mmc-bcm2835 3f300000.mmcnr: DMA channel allocated
[    0.629131] sdhost: log_buf @ (ptrval) (ef907000)
[    0.665927] mmc1: queuing unknown CIS tuple 0x80 (2 bytes)
[    0.667441] mmc1: queuing unknown CIS tuple 0x80 (3 bytes)
[    0.668954] mmc1: queuing unknown CIS tuple 0x80 (3 bytes)
[    0.671663] mmc1: queuing unknown CIS tuple 0x80 (7 bytes)
[    0.676378] mmc0: sdhost-bcm2835 loaded - DMA enabled (>1)
[    0.677063] of_cfs_init
[    0.677119] of_cfs_init: OK
[    0.697792] Waiting for root device PARTUUID=ea7d04d6-02...
[    0.741748] random: fast init done
[    0.763371] mmc0: host does not support reading read-only switch, assuming write-enable
[    0.767080] mmc0: overclocking to 100000000Hz
[    0.767124] mmc0: new high speed SDXC card at address aaaa
[    0.767821] mmcblk0: mmc0:aaaa SC64G 59.5 GiB
[    0.770048]  mmcblk0: p1 p2
[    0.782010] mmc1: new high speed SDIO card at address 0001
[    0.782770] EXT4-fs (mmcblk0p2): INFO: recovery required on readonly filesystem
[    0.782775] EXT4-fs (mmcblk0p2): write access will be enabled during recovery
[    0.798774] Indeed it is in host mode hprt0 = 00021501
[    0.852119] EXT4-fs (mmcblk0p2): recovery complete
[    0.854016] EXT4-fs (mmcblk0p2): mounted filesystem with ordered data mode. Opts: (null)
[    0.854054] VFS: Mounted root (ext4 filesystem) readonly on device 179:2.
[    0.855338] devtmpfs: mounted
[    0.859708] Freeing unused kernel memory: 1024K
[    0.859910] Run /sbin/init as init process
[    1.008732] usb 1-1: new high-speed USB device number 2 using dwc_otg
[    1.008827] Indeed it is in host mode hprt0 = 00001101
[    1.197835] systemd[1]: System time before build time, advancing clock.
[    1.248907] usb 1-1: New USB device found, idVendor=0424, idProduct=9514, bcdDevice= 2.00
[    1.248917] usb 1-1: New USB device strings: Mfr=0, Product=0, SerialNumber=0
[    1.249294] hub 1-1:1.0: USB hub found
[    1.249351] hub 1-1:1.0: 5 ports detected
[    1.271701] NET: Registered protocol family 10
[    1.272459] Segment Routing with IPv6
[    1.297446] systemd[1]: systemd 241 running in system mode. (+PAM +AUDIT +SELINUX +IMA +APPARMOR +SMACK +SYSVINIT +UTMP +LIBCRYPTSETUP +GCRYPT +GNUTLS +ACL +XZ +LZ4 +SECCOMP +BLKID +ELFUTILS +KMOD -IDN2 +IDN -PCRE2 default-hierarchy=hybrid)
[    1.297914] systemd[1]: Detected architecture arm.
[    1.302220] systemd[1]: Set hostname to <raspberrypi>.
[    1.355897] uart-pl011 3f201000.serial: no DMA platform data
[    1.568736] usb 1-1.1: new high-speed USB device number 3 using dwc_otg
[    1.698918] usb 1-1.1: New USB device found, idVendor=0424, idProduct=ec00, bcdDevice= 2.00
[    1.698927] usb 1-1.1: New USB device strings: Mfr=0, Product=0, SerialNumber=0
[    1.701380] smsc95xx v1.0.6
[    1.790905] smsc95xx 1-1.1:1.0 eth0: register 'smsc95xx' at usb-3f980000.usb-1.1, smsc95xx USB 2.0 Ethernet, b8:27:eb:ab:e8:61
[    1.828027] random: systemd: uninitialized urandom read (16 bytes read)
[    1.836285] random: systemd: uninitialized urandom read (16 bytes read)
[    1.839497] systemd[1]: Created slice system-systemd\x2dfsck.slice.
[    1.839674] random: systemd: uninitialized urandom read (16 bytes read)
[    1.840388] systemd[1]: Created slice User and Session Slice.
[    1.840861] systemd[1]: Listening on udev Control Socket.
[    1.840939] systemd[1]: Reached target Swap.
[    1.841166] systemd[1]: Listening on udev Kernel Socket.
[    1.857726] systemd[1]: Condition check resulted in Journal Audit Socket being skipped.
[    1.858866] systemd[1]: Created slice system-serial\x2dgetty.slice.
[    1.888792] usb 1-1.2: new full-speed USB device number 4 using dwc_otg
[    1.958013] i2c /dev entries driver
[    2.039625] usb 1-1.2: New USB device found, idVendor=046d, idProduct=c52b, bcdDevice=12.03
[    2.039636] usb 1-1.2: New USB device strings: Mfr=1, Product=2, SerialNumber=0
[    2.039641] usb 1-1.2: Product: USB Receiver
[    2.039646] usb 1-1.2: Manufacturer: Logitech
[    2.148761] usb 1-1.5: new low-speed USB device number 5 using dwc_otg
[    2.304361] usb 1-1.5: New USB device found, idVendor=413c, idProduct=2113, bcdDevice= 1.08
[    2.304373] usb 1-1.5: New USB device strings: Mfr=0, Product=2, SerialNumber=0
[    2.304378] usb 1-1.5: Product: Dell KB216 Wired Keyboard
[    2.317790] input: Dell KB216 Wired Keyboard as /devices/platform/soc/3f980000.usb/usb1/1-1/1-1.5/1-1.5:1.0/0003:413C:2113.0004/input/input0
[    2.326234] EXT4-fs (mmcblk0p2): re-mounted. Opts: (null)
[    2.379156] hid-generic 0003:413C:2113.0004: input,hidraw0: USB HID v1.11 Keyboard [Dell KB216 Wired Keyboard] on usb-3f980000.usb-1.5/input0
[    2.386187] systemd-journald[98]: Received request to flush runtime journal from PID 1
[    2.394825] input: Dell KB216 Wired Keyboard System Control as /devices/platform/soc/3f980000.usb/usb1/1-1/1-1.5/1-1.5:1.1/0003:413C:2113.0005/input/input1
[    2.468915] input: Dell KB216 Wired Keyboard Consumer Control as /devices/platform/soc/3f980000.usb/usb1/1-1/1-1.5/1-1.5:1.1/0003:413C:2113.0005/input/input2
[    2.469069] hid-generic 0003:413C:2113.0005: input,hidraw1: USB HID v1.11 Device [Dell KB216 Wired Keyboard] on usb-3f980000.usb-1.5/input1
[    2.731356] rpi-ft5406 rpi_ft5406: Probing device
[    2.739187] input: FT5406 memory based driver as /devices/virtual/input/input3
[    2.802779] logitech-djreceiver 0003:046D:C52B.0003: hiddev96,hidraw2: USB HID v1.11 Device [Logitech USB Receiver] on usb-3f980000.usb-1.2/input2
[    2.945366] input: Logitech Unifying Device. Wireless PID:404b Keyboard as /devices/platform/soc/3f980000.usb/usb1/1-1/1-1.2/1-1.2:1.2/0003:046D:C52B.0003/0003:046D:404B.0006/input/input4
[    2.945850] input: Logitech Unifying Device. Wireless PID:404b Mouse as /devices/platform/soc/3f980000.usb/usb1/1-1/1-1.2/1-1.2:1.2/0003:046D:C52B.0003/0003:046D:404B.0006/input/input5
[    2.946143] input: Logitech Unifying Device. Wireless PID:404b Consumer Control as /devices/platform/soc/3f980000.usb/usb1/1-1/1-1.2/1-1.2:1.2/0003:046D:C52B.0003/0003:046D:404B.0006/input/input6
[    2.946347] hid-generic 0003:046D:404B.0006: input,hidraw3: USB HID v1.11 Keyboard [Logitech Unifying Device. Wireless PID:404b] on usb-3f980000.usb-1.2:1
[    3.007572] media: Linux media interface: v0.10
[    3.024344] vc_sm_cma: module is from the staging directory, the quality is unknown, you have been warned.
[    3.025254] videodev: Linux video capture interface: v2.00
[    3.025857] bcm2835_vc_sm_cma_probe: Videocore shared memory driver
[    3.025869] [vc_sm_connected_init]: start
[    3.030046] [vc_sm_connected_init]: installed successfully
[    3.061628] bcm2835_mmal_vchiq: module is from the staging directory, the quality is unknown, you have been warned.
[    3.072796] bcm2835_v4l2: module is from the staging directory, the quality is unknown, you have been warned.
[    3.111516] bcm2835_codec: module is from the staging directory, the quality is unknown, you have been warned.
[    3.122176] bcm2835-codec bcm2835-codec: Device registered as /dev/video10
[    3.122207] bcm2835-codec bcm2835-codec: Loaded V4L2 decode
[    3.129666] bcm2835-codec bcm2835-codec: Device registered as /dev/video11
[    3.129702] bcm2835-codec bcm2835-codec: Loaded V4L2 encode
[    3.136348] bcm2835-codec bcm2835-codec: Device registered as /dev/video12
[    3.136373] bcm2835-codec bcm2835-codec: Loaded V4L2 isp
[    3.250672] cfg80211: Loading compiled-in X.509 certificates for regulatory database
[    3.328379] cfg80211: Loaded X.509 cert 'sforshee: 00b28ddf47aef9cea7'
[    3.389381] brcmfmac: F1 signature read @0x18000000=0x1541a9a6
[    3.396724] brcmfmac: brcmf_fw_alloc_request: using brcm/brcmfmac43430-sdio for chip BCM43430/1
[    3.396975] usbcore: registered new interface driver brcmfmac
[    3.454686] CAN device driver interface
[    3.512183] mcp251x spi0.0 can0: MCP2515 successfully initialized.
[    3.589352] brcmfmac: brcmf_fw_alloc_request: using brcm/brcmfmac43430-sdio for chip BCM43430/1
[    3.589440] brcmfmac: brcmf_c_process_clm_blob: no clm_blob available (err=-2), device may have limited channels available
[    3.590069] brcmfmac: brcmf_c_preinit_dcmds: Firmware: BCM43430/1 wl0: Oct 22 2019 01:59:28 version 7.45.98.94 (r723000 CY) FWID 01-3b33decd
[    3.813468] input: Logitech K400 as /devices/platform/soc/3f980000.usb/usb1/1-1/1-1.2/1-1.2:1.2/0003:046D:C52B.0003/0003:046D:404B.0006/input/input10
[    3.814821] logitech-hidpp-device 0003:046D:404B.0006: input,hidraw3: USB HID v1.11 Keyboard [Logitech K400] on usb-3f980000.usb-1.2:1
[    3.816940] random: crng init done
[    3.816952] random: 7 urandom warning(s) missed due to ratelimiting
[    4.643910] 8021q: 802.1Q VLAN Support v1.8
[    4.811652] IPv6: ADDRCONF(NETDEV_UP): can0: link is not ready
[    4.811792] IPv6: ADDRCONF(NETDEV_CHANGE): can0: link becomes ready
[    4.871453] can: controller area network core (rev 20170425 abi 9)
[    4.871524] NET: Registered protocol family 29
[    4.904457] can: raw protocol (rev 20170425)
[    5.017725] IPv6: ADDRCONF(NETDEV_UP): wlan0: link is not ready
[    5.017753] brcmfmac: power management disabled
[    5.168797] Adding 2097148k swap on /var/swap.  Priority:-2 extents:31 across:6537212k SSFS
[    5.410229] smsc95xx 1-1.1:1.0 eth0: hardware isn't capable of remote wakeup
[    5.410562] IPv6: ADDRCONF(NETDEV_UP): eth0: link is not ready
[    6.436594] IPv6: ADDRCONF(NETDEV_CHANGE): wlan0: link becomes ready
